// Jest Snapshot v1, https://goo.gl/fbAQLP

exports[`Header renders correctly 1`] = `
<div>
  <header
    class="header "
  >
    <div
      class="left"
    >
      <button
        aria-haspopup="true"
        class="button"
      >
        <img
          alt="Animato Logo"
          class="image"
          data-nimg="1"
          decoding="async"
          fetchpriority="high"
          height="32"
          src="/logo.svg"
          style="color: transparent;"
          width="32"
        />
        <i
          class="iconoir-nav-arrow-down "
        />
      </button>
      <button
        aria-disabled="true"
        aria-label="Undo"
        class="iconButton  medium"
      >
        <i
          class="iconoir-undo "
        />
      </button>
      <button
        aria-disabled="true"
        aria-label="Redo"
        class="iconButton  medium"
      >
        <i
          class="iconoir-redo "
        />
      </button>
    </div>
    <h1
      class="heading"
    >
      <span
        class="text"
        tabindex="0"
      />
    </h1>
    <div
      class="right"
    >
      <div
        class="autosave"
      >
        <i
          class="iconoir-cloud-check "
        />
      </div>
      <button
        aria-label="Profile"
        class="iconButton  medium"
      >
        <i
          class="iconoir-profile-circle "
        />
      </button>
    </div>
  </header>
</div>
`;
